// Jest Snapshot v1, https://goo.gl/fbAQLP

exports[`PhotoStore tests  Snapshot test of PhotoStore 1`] = `PhotoStore {}`;
