// Jest Snapshot v1, https://goo.gl/fbAQLP

exports[`PostStore tests  Snapshot test of PostStore 1`] = `PostStore {}`;
