// Jest Snapshot v1, https://goo.gl/fbAQLP

exports[`App renders correctly 1`] = `
<View
  onLayout={[Function]}
  style={
    Object {
      "flex": 1,
    }
  }
>
  <View
    onMoveShouldSetResponder={[Function]}
    onMoveShouldSetResponderCapture={[Function]}
    onResponderEnd={[Function]}
    onResponderGrant={[Function]}
    onResponderMove={[Function]}
    onResponderReject={[Function]}
    onResponderRelease={[Function]}
    onResponderStart={[Function]}
    onResponderTerminate={[Function]}
    onResponderTerminationRequest={[Function]}
    onStartShouldSetResponder={[Function]}
    onStartShouldSetResponderCapture={[Function]}
    style={
      Array [
        Object {
          "flex": 1,
          "flexDirection": "column-reverse",
        },
        Object {
          "backgroundColor": "#000",
        },
      ]
    }
  >
    <View
      style={
        Object {
          "flex": 1,
        }
      }
    >
      <View
        pointerEvents="auto"
        style={
          Object {
            "backgroundColor": "#E9E9EF",
            "bottom": 0,
            "left": 0,
            "marginTop": 0,
            "opacity": 1,
            "position": "absolute",
            "right": 0,
            "shadowColor": "black",
            "shadowOffset": Object {
              "height": 0,
              "width": 0,
            },
            "shadowOpacity": 0.2,
            "shadowRadius": 5,
            "top": 0,
            "transform": Array [
              Object {
                "translateX": 0,
              },
              Object {
                "translateY": 0,
              },
            ],
          }
        }
      >
        <View
          style={
            Object {
              "alignItems": "center",
              "backgroundColor": "#F5FCFF",
              "flex": 1,
              "justifyContent": "center",
            }
          }
        >
          <View
            accessible={true}
            isTVSelectable={true}
            onResponderGrant={[Function]}
            onResponderMove={[Function]}
            onResponderRelease={[Function]}
            onResponderTerminate={[Function]}
            onResponderTerminationRequest={[Function]}
            onStartShouldSetResponder={[Function]}
            style={
              Object {
                "backgroundColor": "blue",
                "borderRadius": 10,
                "opacity": 1,
              }
            }
          >
            <Text
              style={
                Object {
                  "color": "#FFFFFF",
                  "fontSize": 20,
                  "margin": 10,
                  "textAlign": "center",
                }
              }
            >
              Go to user list
            </Text>
          </View>
        </View>
      </View>
    </View>
    <View
      onLayout={[Function]}
      pointerEvents="box-none"
    >
      <View
        style={
          Object {
            "backgroundColor": "#F7F7F7",
            "transform": Array [
              Object {
                "translateX": 0,
              },
            ],
          }
        }
      >
        <View
          onLayout={[Function]}
          pointerEvents="box-none"
          style={
            Object {
              "backgroundColor": "#F7F7F7",
              "borderBottomColor": "#A7A7AA",
              "borderBottomWidth": 0.5,
              "height": 64,
              "paddingBottom": 0,
              "paddingLeft": 0,
              "paddingRight": 0,
              "paddingTop": 20,
            }
          }
        >
          <View
            style={
              Object {
                "bottom": 0,
                "left": 0,
                "position": "absolute",
                "right": 0,
                "top": 0,
              }
            }
          />
          <View
            style={
              Object {
                "flex": 1,
              }
            }
          >
            <View
              style={
                Object {
                  "bottom": 0,
                  "flexDirection": "row",
                  "left": 0,
                  "position": "absolute",
                  "right": 0,
                  "top": 0,
                }
              }
            >
              <View
                pointerEvents="box-none"
                style={
                  Object {
                    "alignItems": "center",
                    "backgroundColor": "transparent",
                    "bottom": 0,
                    "flexDirection": "row",
                    "justifyContent": "center",
                    "left": 0,
                    "opacity": 1,
                    "position": "absolute",
                    "right": 0,
                    "top": 0,
                  }
                }
              >
                <Text
                  accessibilityTraits="header"
                  allowFontScaling={true}
                  numberOfLines={1}
                  onLayout={[Function]}
                  style={
                    Object {
                      "color": "rgba(0, 0, 0, .9)",
                      "fontSize": 17,
                      "fontWeight": "700",
                      "marginHorizontal": 16,
                      "textAlign": "center",
                    }
                  }
                />
              </View>
            </View>
          </View>
        </View>
      </View>
    </View>
  </View>
</View>
`;
